// Jest Snapshot v1, https://goo.gl/fbAQLP

exports[`Pruebas en <CounterApp /> debe hacer Match con el snapshot 1`] = `
<div>
  <div
    class="card"
  >
    <img
      alt="David"
      src="https://www.google.com/u"
    />
    <p>
      David
    </p>
  </div>
</div>
`;
